/scratch/floor-desk/repo/.venv/lib/python3.12/site-packages/mjlab/entity/entity.py:149: UserWarning: Actuator config matched 14 joint(s) but the same expressions also match 7 site(s): imu, left_foot, head_camera, tof, head_imu, mouth_tip, right_foot. Add a separate config with transmission_type=TransmissionType.SITE if those should be actuated too.
  self._add_actuators()
[mdp] Patches 1-2 active: NaN-safe reward/advantage
[mdp] Patch 4 active: ONNX export filters passive_* joints
Setting seed: 273
Warp 1.12.0 initialized:
   CUDA Toolkit 12.9, Driver 13.2
   Devices:
     "cpu"      : "x86_64"
     "cuda:0"   : "NVIDIA H200" (140 GiB, sm_90, mempool enabled)
   Kernel cache:
     /home/hannes/.cache/warp/1.12.0
Warp DeprecationWarning: The symbol `warp.context.runtime` will soon be removed from the public API. It can still be accessed from `warp._src.context.runtime` but might be changed or removed without notice.
Module mujoco_warp._src.smooth 95a0b8b load on device 'cuda:0' took 3.37 ms  (cached)
Module mujoco_warp._src.collision_driver 88f7770 load on device 'cuda:0' took 0.46 ms  (cached)
Module _nxn_broadphase__locals__kernel_e73b1315 e73b131 load on device 'cuda:0' took 0.50 ms  (cached)
Module ccd_kernel_builder__locals__ccd_kernel_8fea4ae7 8fea4ae load on device 'cuda:0' took 1.61 ms  (cached)
Module ccd_kernel_builder__locals__ccd_kernel_bd5ecce0 bd5ecce load on device 'cuda:0' took 2.08 ms  (cached)
Module ccd_kernel_builder__locals__ccd_kernel_079dfa94 079dfa9 load on device 'cuda:0' took 2.22 ms  (cached)
Module _primitive_narrowphase__locals__primitive_narrowphase_b282a07a b282a07 load on device 'cuda:0' took 0.85 ms  (cached)
Module mujoco_warp._src.constraint 27c5750 load on device 'cuda:0' took 2.22 ms  (cached)
Module _efc_contact_init__locals__kernel_fda71e14 fda71e1 load on device 'cuda:0' took 0.50 ms  (cached)
Module _efc_contact_jac_dense__locals__kernel_7974b597 cc0fc30 load on device 'cuda:0' took 0.58 ms  (cached)
Module _efc_contact_update__locals__kernel_90315d53 90315d5 load on device 'cuda:0' took 0.56 ms  (cached)
Module mujoco_warp._src.sensor 7fc0378 load on device 'cuda:0' took 2.56 ms  (cached)
Module mujoco_warp._src.forward f60f76d load on device 'cuda:0' took 1.44 ms  (cached)
Module mujoco_warp._src.passive 1a5e55c load on device 'cuda:0' took 1.04 ms  (cached)
Module mujoco_warp._src.forward 8ebfcb1 load on device 'cuda:0' took 1.43 ms  (cached)
Module mujoco_warp._src.support dd3f924 load on device 'cuda:0' took 0.52 ms  (cached)
Module _tile_cholesky_factorize_solve__locals__cholesky_factorize_solve_fd1445d3 4a464d2 load on device 'cuda:0' took 41.64 ms  (cached)
Module mujoco_warp._src.solver b116efb load on device 'cuda:0' took 1.71 ms  (cached)
Module solve_init_jaref__locals__kernel_2aa8bdf6 2aa8bdf load on device 'cuda:0' took 0.49 ms  (cached)
Module mul_m_dense__locals___mul_m_dense_5f474d43 5f474d4 load on device 'cuda:0' took 0.47 ms  (cached)
Module update_constraint_efc__locals__kernel_32935e9d 32935e9 load on device 'cuda:0' took 0.52 ms  (cached)
Module update_constraint_gauss_cost__locals__kernel_8169a580 8169a58 load on device 'cuda:0' took 0.49 ms  (cached)
Module update_gradient_JTDAJ_dense_tiled__locals__kernel_9981265a 0667084 load on device 'cuda:0' took 0.97 ms  (cached)
Module update_gradient_cholesky__locals__kernel_33be19e9 c4273dc load on device 'cuda:0' took 42.39 ms  (cached)
Module linesearch_jv_fused__locals__kernel_93f316d4 93f316d load on device 'cuda:0' took 0.53 ms  (cached)
Module linesearch_prepare_gauss__locals__kernel_c412d952 c412d95 load on device 'cuda:0' took 0.51 ms  (cached)
Module update_constraint_efc__locals__kernel_3c1a9816 3c1a981 load on device 'cuda:0' took 0.56 ms  (cached)
Module _contact_sort__locals__contact_sort_304c86df 6c97b35 load on device 'cuda:0' took 0.55 ms  (cached)
Module mujoco_warp._src.derivative d0e2fd7 load on device 'cuda:0' took 0.97 ms  (cached)
Module reset_data__locals__reset_xfrc_applied_e7898c5c e7898c5 load on device 'cuda:0' took 0.48 ms  (cached)
Module reset_data__locals__reset_qM_10d3c793 10d3c79 load on device 'cuda:0' took 0.40 ms  (cached)
Module reset_data__locals__reset_mocap_ff71f630 ff71f63 load on device 'cuda:0' took 0.39 ms  (cached)
Module reset_data__locals__reset_contact_df686d47 df686d4 load on device 'cuda:0' took 0.40 ms  (cached)
Module reset_data__locals__reset_nworld_6e0d904e 6e0d904 load on device 'cuda:0' took 0.46 ms  (cached)
[BamActuator] model='m6' joints=14 kt=0.3660 R=2.8114 vin=range=(6.5, 8.2) drop_gain_range=(0.0, 0.2) force_limit=±1.07Nm friction_base=0.0048 friction_viscous=0.0054 envs=64 device=cuda:0
Module mujoco_warp._src.render_util 94fd13e load on device 'cuda:0' took 0.64 ms  (cached)
Module mujoco_warp._src.bvh 08f985a load on device 'cuda:0' took 1.01 ms  (cached)
Module mujoco_warp._src.ray c8f2bb3 load on device 'cuda:0' took 1.16 ms  (cached)

+---------------------------------+
|         Base Environment        |
+------------------------+--------+
| Property               | Value  |
+------------------------+--------+
| Number of environments | 64     |
| Environment device     | cuda:0 |
| Environment seed       | 273    |
| Physics step-size      | 0.005  |
| Environment step-size  | 0.02   |
+------------------------+--------+

[INFO] <EventManager> contains 2 active terms.
+-------------------------------------+
| Active Event Terms in Mode: 'reset' |
+-------+-----------------------------+
| Index | Name                        |
+-------+-----------------------------+
|   0   | reset_stair_ladder          |
|   1   | reset_action_history        |
|   2   | randomize_com               |
|   3   | randomize_head_com          |
|   4   | randomize_joint_friction    |
|   5   | randomize_armature          |
+-------+-----------------------------+
+---------------------------------------+
| Active Event Terms in Mode: 'startup' |
+-------+-------------------------------+
| Index | Name                          |
+-------+-------------------------------+
|   0   | foot_friction                 |
|   1   | encoder_bias                  |
|   2   | base_com                      |
|   3   | expand_bam_friction_fields    |
|   4   | randomize_mass_inertia        |
+-------+-------------------------------+
+-----------------------------+
| Domain Randomization Fields |
+-------+---------------------+
| Index | Field Name          |
+-------+---------------------+
|   0   | geom_friction       |
|   1   | body_ipos           |
|   2   | body_subtreemass    |
|   3   | dof_invweight0      |
|   4   | body_invweight0     |
|   5   | tendon_length0      |
|   6   | tendon_invweight0   |
|   7   | dof_frictionloss    |
|   8   | dof_damping         |
|   9   | body_mass           |
|   10  | body_inertia        |
|   11  | body_iquat          |
|   12  | dof_armature        |
+-------+---------------------+

Module repeat_array_kernel_39317a34 b712927 load on device 'cuda:0' took 0.49 ms  (cached)
Module repeat_array_kernel_39317a34 18fcc7e load on device 'cuda:0' took 0.48 ms  (cached)
Module repeat_array_kernel_39317a34 5cde7e8 load on device 'cuda:0' took 0.54 ms  (cached)
Module repeat_array_kernel_39317a34 0fe3117 load on device 'cuda:0' took 0.58 ms  (cached)
[INFO] <CommandManager> contains 1 active terms.
+--------------------------------------------+
|            Active Command Terms            |
+-------+-------+----------------------------+
| Index | Name  |            Type            |
+-------+-------+----------------------------+
|   0   | twist | VelocityCommandCommandOnly |
+-------+-------+----------------------------+

[INFO] <ActionManager> contains 1 active terms.
+---------------------------------+
| Active Action Terms (shape: 14) |
+-------+-----------+-------------+
| Index | Name      |   Dimension |
+-------+-----------+-------------+
|   0   | joint_pos |          14 |
+-------+-----------+-------------+

[INFO] <ObservationManager> contains 2 groups.
+-----------------------------------------------------------+
| Active Observation Terms in Group: 'actor' (shape: (61,)) |
+-----------+----------------------------------+------------+
|   Index   | Name                             |   Shape    |
+-----------+----------------------------------+------------+
|     0     | base_ang_vel                     |    (3,)    |
|     1     | projected_gravity                |    (3,)    |
|     2     | joint_pos                        |   (14,)    |
|     3     | joint_vel                        |   (14,)    |
|     4     | actions                          |   (14,)    |
|     5     | command                          |    (3,)    |
|     6     | head_command                     |    (4,)    |
|     7     | body_command                     |    (6,)    |
+-----------+----------------------------------+------------+
+------------------------------------------------------------+
| Active Observation Terms in Group: 'critic' (shape: (76,)) |
+----------+------------------------------------+------------+
|  Index   | Name                               |   Shape    |
+----------+------------------------------------+------------+
|    0     | base_lin_vel                       |    (3,)    |
|    1     | base_ang_vel                       |    (3,)    |
|    2     | projected_gravity                  |    (3,)    |
|    3     | joint_pos                          |   (14,)    |
|    4     | joint_vel                          |   (14,)    |
|    5     | actions                            |   (14,)    |
|    6     | command                            |    (3,)    |
|    7     | foot_height                        |    (2,)    |
|    8     | foot_air_time                      |    (2,)    |
|    9     | foot_contact                       |    (2,)    |
|    10    | foot_contact_forces                |    (6,)    |
|    11    | head_command                       |    (4,)    |
|    12    | body_command                       |    (6,)    |
+----------+------------------------------------+------------+

[INFO] <TerminationManager> contains 3 active terms.
+--------------------------------+
|    Active Termination Terms    |
+-------+-------------+----------+
| Index | Name        | Time Out |
+-------+-------------+----------+
|   0   | time_out    |   True   |
|   1   | nan_state   |  False   |
|   2   | below_table |  False   |
+-------+-------------+----------+

[INFO] <RewardManager> contains 2 active terms.
+---------------------------+
|    Active Reward Terms    |
+-------+----------+--------+
| Index | Name     | Weight |
+-------+----------+--------+
|   0   | standing |   10.0 |
|   1   | travel   |   -0.0 |
+-------+----------+--------+

[INFO] <NullCurriculumManager> (inactive)
[INFO] <MetricsManager> contains 1 active terms.
+-------------------------+
|   Active Metrics Terms  |
+-------+-----------------+
| Index | Name            |
+-------+-----------------+
|   0   | mean_action_acc |
+-------+-----------------+

[INFO] <NullRecorderManager> (inactive)
Module mujoco_warp._src.io 4b387a0 load on device 'cuda:0' took 2.16 ms  (cached)
Module _tile_cholesky_factorize__locals__cholesky_factorize_0587d9b8 99b4248 load on device 'cuda:0' took 29.87 ms  (cached)
Module _tile_cholesky_solve__locals__cholesky_solve_11830e2e 7d510a5 load on device 'cuda:0' took 28.88 ms  (cached)
--------------------------------------------------------------------------------
Resolved observation sets: 
	 actor :  ('actor',)
	 critic :  ('critic',)
--------------------------------------------------------------------------------
Actor Model: MLPModel(
  (obs_normalizer): EmpiricalNormalization()
  (distribution): GaussianDistribution()
  (mlp): MLP(
    (0): Linear(in_features=61, out_features=512, bias=True)
    (1): ELU(alpha=1.0)
    (2): Linear(in_features=512, out_features=256, bias=True)
    (3): ELU(alpha=1.0)
    (4): Linear(in_features=256, out_features=128, bias=True)
    (5): ELU(alpha=1.0)
    (6): Linear(in_features=128, out_features=14, bias=True)
  )
)
Critic Model: MLPModel(
  (obs_normalizer): EmpiricalNormalization()
  (mlp): MLP(
    (0): Linear(in_features=76, out_features=512, bias=True)
    (1): ELU(alpha=1.0)
    (2): Linear(in_features=512, out_features=256, bias=True)
    (3): ELU(alpha=1.0)
    (4): Linear(in_features=256, out_features=128, bias=True)
    (5): ELU(alpha=1.0)
    (6): Linear(in_features=128, out_features=1, bias=True)
  )
)
Setting seed: 273
Could not find git repository in /scratch/floor-desk/repo/.venv/lib/python3.12/site-packages/rsl_rl/__init__.py. Skipping.
################################################################################
[1m                           Learning iteration 127/132                           [0m 

                               Run name: central_spine
                            Total steps: 1536 
                       Steps per second: 1534 
                        Collection time: 0.831s 
                          Learning time: 0.170s 
                        Mean value loss: 0.0746
                    Mean surrogate loss: -0.0062
                      Mean entropy loss: -12.1986
                        Mean action std: 0.10
                Episode_Reward/standing: 0.0000
                  Episode_Reward/travel: 0.0000
        Episode_Metrics/mean_action_acc: 0.0000
             Metrics/twist/error_vel_xy: 0.0003
            Metrics/twist/error_vel_yaw: 0.0019
           Episode_Termination/time_out: 0.0000
          Episode_Termination/nan_state: 0.0000
        Episode_Termination/below_table: 0.0000
--------------------------------------------------------------------------------
                         Iteration time: 1.00s
                           Time elapsed: 00:00:01
                                    ETA: 00:00:04

################################################################################
[1m                           Learning iteration 128/132                           [0m 

                               Run name: central_spine
                            Total steps: 3072 
                       Steps per second: 1515 
                        Collection time: 0.885s 
                          Learning time: 0.129s 
                        Mean value loss: 0.0858
                    Mean surrogate loss: -0.0067
                      Mean entropy loss: -12.1985
                        Mean action std: 0.10
                Episode_Reward/standing: 0.0000
                  Episode_Reward/travel: 0.0000
        Episode_Metrics/mean_action_acc: 0.0000
             Metrics/twist/error_vel_xy: 0.0003
            Metrics/twist/error_vel_yaw: 0.0019
           Episode_Termination/time_out: 0.0000
          Episode_Termination/nan_state: 0.0000
        Episode_Termination/below_table: 0.0000
--------------------------------------------------------------------------------
                         Iteration time: 1.01s
                           Time elapsed: 00:00:02
                                    ETA: 00:00:03

################################################################################
[1m                           Learning iteration 129/132                           [0m 

                               Run name: central_spine
                            Total steps: 4608 
                       Steps per second: 1499 
                        Collection time: 0.894s 
                          Learning time: 0.130s 
                        Mean value loss: 0.1333
                    Mean surrogate loss: -0.0044
                      Mean entropy loss: -12.1984
                        Mean action std: 0.10
                Episode_Reward/standing: 0.0000
                  Episode_Reward/travel: 0.0000
        Episode_Metrics/mean_action_acc: 0.0000
             Metrics/twist/error_vel_xy: 0.0003
            Metrics/twist/error_vel_yaw: 0.0019
           Episode_Termination/time_out: 0.0000
          Episode_Termination/nan_state: 0.0000
        Episode_Termination/below_table: 0.0000
--------------------------------------------------------------------------------
                         Iteration time: 1.02s
                           Time elapsed: 00:00:03
                                    ETA: 00:00:02

################################################################################
[1m                           Learning iteration 130/132                           [0m 

                               Run name: central_spine
                            Total steps: 6144 
                       Steps per second: 1522 
                        Collection time: 0.880s 
                          Learning time: 0.129s 
                        Mean value loss: 0.7094
                    Mean surrogate loss: -0.0053
                      Mean entropy loss: -12.1983
                        Mean action std: 0.10
                Episode_Reward/standing: 0.0000
                  Episode_Reward/travel: 0.0000
        Episode_Metrics/mean_action_acc: 0.0000
             Metrics/twist/error_vel_xy: 0.0003
            Metrics/twist/error_vel_yaw: 0.0019
           Episode_Termination/time_out: 0.0000
          Episode_Termination/nan_state: 0.0000
        Episode_Termination/below_table: 0.0000
--------------------------------------------------------------------------------
                         Iteration time: 1.01s
                           Time elapsed: 00:00:04
                                    ETA: 00:00:01

################################################################################
[1m                           Learning iteration 131/132                           [0m 

                               Run name: central_spine
                            Total steps: 7680 
                       Steps per second: 1441 
                        Collection time: 0.936s 
                          Learning time: 0.129s 
                        Mean value loss: 1.0979
                    Mean surrogate loss: -0.0031
                      Mean entropy loss: -12.1982
                            Mean reward: 0.00
                    Mean episode length: 117.00
                        Mean action std: 0.10
                Episode_Reward/standing: 0.0000
                  Episode_Reward/travel: 0.0000
        Episode_Metrics/mean_action_acc: 0.0256
             Metrics/twist/error_vel_xy: 0.0179
            Metrics/twist/error_vel_yaw: 0.1187
           Episode_Termination/time_out: 0.0000
          Episode_Termination/nan_state: 0.0000
        Episode_Termination/below_table: 0.1667
--------------------------------------------------------------------------------
                         Iteration time: 1.07s
                           Time elapsed: 00:00:05
                                    ETA: 00:00:00

